// Jest Snapshot v1, https://goo.gl/fbAQLP

exports[`Scoreboard renders 1`] = `
<DocumentFragment>
  <div
    class="glass undefined"
  >
    <div>
      <h3
        data-testid="title"
      >
        Scoreboard
      </h3>
      <svg
        data-testid="icon"
        fill="currentColor"
        height="1em"
        stroke="currentColor"
        stroke-width="0"
        viewBox="0 0 24 24"
        width="1em"
        xmlns="http://www.w3.org/2000/svg"
      >
        <g>
          <path
            d="M0 0h24v24H0z"
            fill="none"
          />
          <path
            d="M6.535 3H21a1 1 0 0 1 1 1v16a1 1 0 0 1-1 1H6.535a1 1 0 0 1-.832-.445l-5.333-8a1 1 0 0 1 0-1.11l5.333-8A1 1 0 0 1 6.535 3zM13 10.586l-2.828-2.829-1.415 1.415L11.586 12l-2.829 2.828 1.415 1.415L13 13.414l2.828 2.829 1.415-1.415L14.414 12l2.829-2.828-1.415-1.415L13 10.586z"
          />
        </g>
      </svg>
    </div>
    <hr
      data-testid="divider"
    />
    <ul
      data-testid="list"
    >
      <li>
        win
      </li>
    </ul>
  </div>
</DocumentFragment>
`;
